---
source: core/tests/snapshot.rs
assertion_line: 13
expression: output

---
// /Users/bytedance/Documents/gitcodes/rolldown/core/tests/fixtures/conflicted/a1.js
;
const a$0 = 0;
const b$0 = {
    foo: a$0,
    a: a$0
};
console.log(a$0, b$0.foo, b$0.a);
// /Users/bytedance/Documents/gitcodes/rolldown/core/tests/fixtures/conflicted/index.js
;
const a = 0;
const b = {
    foo: a,
    a: a
};
console.log(a$0, a, b.foo);
{
    const a = 1;
    {
        const a = 1;
        {
            const a = 1;
        }
    }
}export { a };

